<input> : Type :=
  let _ : Type := { A : Type; a : @0; }; let _ : @0 := {
                                             A := Type;
                                             a := {};
                                           };
                                           @0.a
