<input> : Type :=
  let _ : fun (A : Type) (x : A) -> A :=
    fun A x :=
      let record : { x : A } [= { x }] := #sing-intro { x };
      (#sing-elim record { x }).x;
  Type
