<input> : Type :=
  let _ : fun (A : Type) (x : A) (sing-x : A [= x]) -> A :=
    fun A x sing-x := #sing-elim sing-x x;
  Type
