<input> : Type :=
  let _ : fun (_ : Type) -> fun (_ : @0) -> @1 := fun (_ : Type) := fun
                                                                    (_ : @0)
                                                                    :=
                                                                    @0;
    let _ : fun (_ : Type) -> fun (_ : Type) -> fun (_ : @1) -> fun
                                                                (_ : @1)
                                                                ->
                                                                @3
    :=
    fun (_ : Type) := fun (_ : Type) := fun (_ : @1) := fun (_ : @1) := @1;
      let _ : fun (_ : Type) -> fun (_ : Type) -> fun (_ : Type) -> fun
                                                                    (_ : 
                                                                    fun
                                                                    (_ : @2)
                                                                    ->
                                                                    @2)
                                                                    ->
                                                                    fun
                                                                    (_ : 
                                                                    fun
                                                                    (_ : @2)
                                                                    ->
                                                                    @2)
                                                                    ->
                                                                    fun
                                                                    (_ : @4)
                                                                    ->
                                                                    @3
      :=
      fun (_ : Type) := fun (_ : Type) := fun (_ : Type) := fun
                                                            (_ : fun
                                                                 (_ : @2)
                                                                 ->
                                                                 @2)
                                                            :=
                                                            fun
                                                            (_ : fun
                                                                 (_ : @2)
                                                                 ->
                                                                 @2)
                                                            :=
                                                            fun (_ : @4) := @1
                                                              @2
                                                              @0;
        Type
