<input> : { A : Type; a : @0; } := { A := Type; a := { A : Type; a : @0; }; }
